"::view-transition-new(*.xfh0f9i){animation-name:x18re5ia-B;animation-duration:1s;}\n::view-transition-new(*.xfh0f9i){animation-name:x18re5ia-B;animation-duration:1s;}\n::view-transition-old(*.xfh0f9i){animation-name:x1jn504y-B;animation-duration:1s;}\n::view-transition-old(*.xfh0f9i){animation-name:x1jn504y-B;animation-duration:1s;}"