"::view-transition-group(*.xchu1hv){transition-property:none;}\n::view-transition-group(*.xchu1hv){transition-property:none;}\n::view-transition-group(*.xchu1hv){transition-property:none;}\n::view-transition-image-pair(*.xchu1hv){border-radius:16px;}\n::view-transition-image-pair(*.xchu1hv){border-radius:16px;}\n::view-transition-image-pair(*.xchu1hv){border-radius:16px;}\n::view-transition-new(*.xchu1hv){animation-timing-function:ease-out;}\n::view-transition-new(*.xchu1hv){animation-timing-function:ease-out;}\n::view-transition-new(*.xchu1hv){animation-timing-function:ease-out;}\n::view-transition-old(*.xchu1hv){animation-duration:.5s;}\n::view-transition-old(*.xchu1hv){animation-duration:.5s;}\n::view-transition-old(*.xchu1hv){animation-duration:.5s;}"