"::view-transition-new(*.xfh0f9i){animation-duration:1s;animation-name:x18re5ia-B;}\n::view-transition-new(*.xfh0f9i){animation-duration:1s;animation-name:x18re5ia-B;}\n::view-transition-old(*.xfh0f9i){animation-duration:1s;animation-name:x1jn504y-B;}\n::view-transition-old(*.xfh0f9i){animation-duration:1s;animation-name:x1jn504y-B;}"