".t1yzksnw,.t1yzksnw:root{--v1ogbq16:green;--ve3y7yf:antiquewhite;}\n@media (prefers-color-scheme: dark){.t1yzksnw,.t1yzksnw:root{--v1ogbq16:lightgreen;--ve3y7yf:floralwhite;}}\n@media (prefers-color-scheme: dark){@supports (color: oklab(0 0 0)){.t1yzksnw,.t1yzksnw:root{--ve3y7yf:oklab(0.7 -0.3 -0.4);}}}"