".x10v7xqx::-webkit-slider-thumb, .x10v7xqx::-moz-range-thumb, .x10v7xqx::-ms-thumb{border-radius:50%}\n.x1ht0ks0::-webkit-slider-thumb, .x1ht0ks0::-moz-range-thumb, .x1ht0ks0::-ms-thumb{width:20px}\n.x1xkr5m3::-webkit-slider-thumb, .x1xkr5m3::-moz-range-thumb, .x1xkr5m3::-ms-thumb{background-color:blue}\n.x3h5l5z::-webkit-slider-thumb, .x3h5l5z::-moz-range-thumb, .x3h5l5z::-ms-thumb{height:20px}"