".x10j5x1o:not(#\\#){padding:48px}\n.xe8ttls{padding:8px}\n.xgce3a0:not(#\\#){padding:24px}\n.xo8zd9r:not(#\\#){padding:32px}\n.xxacpr9:not(#\\#){padding:16px}\n@media (min-width: 1024px) and (max-width: 1279.99px){.xo8zd9r:not(#\\#){padding:32px}}\n@media (min-width: 1280px){.x10j5x1o:not(#\\#){padding:48px}}\n@media (min-width: 640px) and (max-width: 767.99px){.xxacpr9:not(#\\#){padding:16px}}\n@media (min-width: 768px) and (max-width: 1023.99px){.xgce3a0:not(#\\#){padding:24px}}"