".x1mqxbix{color:black}\n.xf6zhdn:not(#\\#){color:oklch(.5 .2 250)}\n.xs89htg:not(#\\#):hover{color:oklch(.7 .3 250)}\n.xu10ui7:not(#\\#){color:gray}\n@media (min-width: 800px){.xf6zhdn:not(#\\#){color:oklch(.5 .2 250)}}\n@media (min-width: 800px){.xs89htg:not(#\\#):hover{color:oklch(.7 .3 250)}}\n@media (min-width: 800px){.xu10ui7:not(#\\#){color:gray}}\n@supports (color: oklch(0 0 0)){@media (min-width: 800px){.xf6zhdn:not(#\\#){color:oklch(.5 .2 250)}}}\n@supports (color: oklch(0 0 0)){@media (min-width: 800px){.xs89htg:not(#\\#):hover{color:oklch(.7 .3 250)}}}"