".x16ezmbt:not(#\\#):hover{animation-name:x18re5ia-B}\n.x1aquc0h:not(#\\#){animation-name:none}\n.x1x68952:not(#\\#):hover{animation-name:none}\n.xqcmdr3{animation-name:x18re5ia-B}\n@media (prefers-reduced-motion: reduce){.x1aquc0h:not(#\\#){animation-name:none}}\n@media (prefers-reduced-motion: reduce){.x1x68952:not(#\\#):hover{animation-name:none}}"